Tests: 1, Assertions: 0, Errors: 1.
